// Jest Snapshot v1, https://goo.gl/fbAQLP

exports[`Pruebas en <ProductTitle/> debe de mostrar el componente con el nombre del producto 1`] = `
<div
  className="productCard undefined"
>
  <span
    className="productDescription undefined"
  >
    Coffe Mug - Sin Imagen
  </span>
</div>
`;

exports[`Pruebas en <ProductTitle/> debe de mostrar el componente correctamente con el titulo personalizado 1`] = `
<span
  className="productDescription custom-class"
>
  Custom product
</span>
`;
